// Jest Snapshot v1, https://goo.gl/fbAQLP

exports[`builder snapshot 1`] = `
Object {
  "Parameters": Object {
    "BootstrapVersion": Object {
      "Default": "/cdk-bootstrap/hnb659fds/version",
      "Description": "Version of the CDK Bootstrap resources in this environment, automatically retrieved from SSM Parameter Store.",
      "Type": "AWS::SSM::Parameter::Value<String>",
    },
  },
  "Resources": Object {
    "TestProject60EBF133": Object {
      "Properties": Object {
        "Artifacts": Object {
          "Type": "NO_ARTIFACTS",
        },
        "EncryptionKey": "alias/aws/s3",
        "Environment": Object {
          "ComputeType": "BUILD_GENERAL1_SMALL",
          "Image": "aws/codebuild/standard:1.0",
          "ImagePullCredentialsType": "CODEBUILD",
          "PrivilegedMode": false,
          "Type": "LINUX_CONTAINER",
        },
        "Name": "testRepo",
        "ServiceRole": Object {
          "Fn::GetAtt": Array [
            "TestProjectRoleF76CE658",
            "Arn",
          ],
        },
        "Source": Object {
          "BuildSpec": "{
  \\"version\\": \\"0.2\\",
  \\"environment\\": {
    \\"vars\\": {
      \\"HUGO_ENV\\": \\"production\\"
    }
  },
  \\"phases\\": {
    \\"install\\": {
      \\"runtime-versions\\": {
        \\"python\\": 3.8
      },
      \\"commands\\": [
        \\"curl -L -o hugo.deb \\\\\\"https://github.com/gohugoio/hugo/releases/download/v0.74.2/hugo_0.74.2_Linux-64bit.deb\\\\\\"\\",
        \\"dpkg -i hugo.deb\\"
      ]
    },
    \\"build\\": {
      \\"commands\\": [
        \\"hugo -v\\"
      ]
    },
    \\"post_build\\": {
      \\"commands\\": [
        \\"echo \\\\\\"CODEBUILD_WEBHOOK_TRIGGER: $CODEBUILD_WEBHOOK_TRIGGER\\\\\\"\\",
        \\"if [ 'branch/master' = \\\\\\"$CODEBUILD_WEBHOOK_TRIGGER\\\\\\" ]; then\\\\n              cd public;\\\\n              aws s3 sync --delete --no-progress --sse AES256 --storage-class INTELLIGENT_TIERING . \\\\\\"s3://testBucket\\\\\\";\\\\n              aws cloudfront create-invalidation --distribution-id \\\\\\"testDistributionId\\\\\\" --paths '/*';\\\\n            else\\\\n              echo \\\\\\"not master: do not publish\\\\\\";\\\\n            fi\\"
      ]
    }
  }
}",
          "GitSubmodulesConfig": Object {
            "FetchSubmodules": "True",
          },
          "Location": "https://github.com/testOrg/testRepo.git",
          "ReportBuildStatus": true,
          "Type": "GITHUB",
        },
        "Triggers": Object {
          "FilterGroups": Array [
            Array [
              Object {
                "Pattern": "PULL_REQUEST_CREATED, PULL_REQUEST_UPDATED, PULL_REQUEST_REOPENED",
                "Type": "EVENT",
              },
              Object {
                "Pattern": "refs/heads/master",
                "Type": "BASE_REF",
              },
            ],
            Array [
              Object {
                "Pattern": "PUSH",
                "Type": "EVENT",
              },
              Object {
                "Pattern": "refs/heads/master",
                "Type": "HEAD_REF",
              },
            ],
          ],
          "Webhook": true,
        },
      },
      "Type": "AWS::CodeBuild::Project",
    },
    "TestProjectRoleDefaultPolicy1B7D287F": Object {
      "Properties": Object {
        "PolicyDocument": Object {
          "Statement": Array [
            Object {
              "Action": Array [
                "logs:CreateLogGroup",
                "logs:CreateLogStream",
                "logs:PutLogEvents",
              ],
              "Effect": "Allow",
              "Resource": Array [
                Object {
                  "Fn::Join": Array [
                    "",
                    Array [
                      "arn:",
                      Object {
                        "Ref": "AWS::Partition",
                      },
                      ":logs:",
                      Object {
                        "Ref": "AWS::Region",
                      },
                      ":",
                      Object {
                        "Ref": "AWS::AccountId",
                      },
                      ":log-group:/aws/codebuild/",
                      Object {
                        "Ref": "TestProject60EBF133",
                      },
                    ],
                  ],
                },
                Object {
                  "Fn::Join": Array [
                    "",
                    Array [
                      "arn:",
                      Object {
                        "Ref": "AWS::Partition",
                      },
                      ":logs:",
                      Object {
                        "Ref": "AWS::Region",
                      },
                      ":",
                      Object {
                        "Ref": "AWS::AccountId",
                      },
                      ":log-group:/aws/codebuild/",
                      Object {
                        "Ref": "TestProject60EBF133",
                      },
                      ":*",
                    ],
                  ],
                },
              ],
            },
            Object {
              "Action": Array [
                "codebuild:CreateReportGroup",
                "codebuild:CreateReport",
                "codebuild:UpdateReport",
                "codebuild:BatchPutTestCases",
                "codebuild:BatchPutCodeCoverages",
              ],
              "Effect": "Allow",
              "Resource": Object {
                "Fn::Join": Array [
                  "",
                  Array [
                    "arn:",
                    Object {
                      "Ref": "AWS::Partition",
                    },
                    ":codebuild:",
                    Object {
                      "Ref": "AWS::Region",
                    },
                    ":",
                    Object {
                      "Ref": "AWS::AccountId",
                    },
                    ":report-group/",
                    Object {
                      "Ref": "TestProject60EBF133",
                    },
                    "-*",
                  ],
                ],
              },
            },
            Object {
              "Action": Array [
                "s3:GetObject*",
                "s3:GetBucket*",
                "s3:List*",
                "s3:DeleteObject*",
                "s3:PutObject",
                "s3:Abort*",
              ],
              "Effect": "Allow",
              "Resource": Array [
                Object {
                  "Fn::Join": Array [
                    "",
                    Array [
                      "arn:",
                      Object {
                        "Ref": "AWS::Partition",
                      },
                      ":s3:::testBucket",
                    ],
                  ],
                },
                Object {
                  "Fn::Join": Array [
                    "",
                    Array [
                      "arn:",
                      Object {
                        "Ref": "AWS::Partition",
                      },
                      ":s3:::testBucket/*",
                    ],
                  ],
                },
              ],
            },
            Object {
              "Action": "cloudfront:CreateInvalidation",
              "Effect": "Allow",
              "Resource": "arn:aws:cloudfront::undefined:distribution/testDistributionId",
            },
          ],
          "Version": "2012-10-17",
        },
        "PolicyName": "TestProjectRoleDefaultPolicy1B7D287F",
        "Roles": Array [
          Object {
            "Ref": "TestProjectRoleF76CE658",
          },
        ],
      },
      "Type": "AWS::IAM::Policy",
    },
    "TestProjectRoleF76CE658": Object {
      "Properties": Object {
        "AssumeRolePolicyDocument": Object {
          "Statement": Array [
            Object {
              "Action": "sts:AssumeRole",
              "Effect": "Allow",
              "Principal": Object {
                "Service": "codebuild.amazonaws.com",
              },
            },
          ],
          "Version": "2012-10-17",
        },
      },
      "Type": "AWS::IAM::Role",
    },
  },
  "Rules": Object {
    "CheckBootstrapVersion": Object {
      "Assertions": Array [
        Object {
          "Assert": Object {
            "Fn::Not": Array [
              Object {
                "Fn::Contains": Array [
                  Array [
                    "1",
                    "2",
                    "3",
                    "4",
                    "5",
                  ],
                  Object {
                    "Ref": "BootstrapVersion",
                  },
                ],
              },
            ],
          },
          "AssertDescription": "CDK bootstrap stack version 6 required. Please run 'cdk bootstrap' with a recent version of the CDK CLI.",
        },
      ],
    },
  },
}
`;
